mem_usage_testcase 'cb avail=1527556(kB) total=3877576(kB)' "\
MemTotal:        3877576 kB
MemFree:          774760 kB
MemAvailable:    1527556 kB
Buffers:          178504 kB
Cached:          1263372 kB
SwapCached:            0 kB
Active:           458264 kB
Inactive:        1938980 kB
Active(anon):       5360 kB
Inactive(anon):  1489156 kB
Active(file):     452904 kB
Inactive(file):   449824 kB
Unevictable:      394212 kB
Mlocked:             144 kB
SwapTotal:             0 kB
SwapFree:              0 kB
Dirty:               108 kB
Writeback:             0 kB
AnonPages:       1259188 kB
Mapped:           336640 kB
Shmem:            539148 kB
KReclaimable:     115248 kB
Slab:             212356 kB
SReclaimable:     115248 kB
SUnreclaim:        97108 kB
KernelStack:        6976 kB
PageTables:        26212 kB
NFS_Unstable:          0 kB
Bounce:                0 kB
WritebackTmp:          0 kB
CommitLimit:     1938788 kB
Committed_AS:    6041840 kB
VmallocTotal:   34359738367 kB
VmallocUsed:       27600 kB
VmallocChunk:          0 kB
Percpu:             2208 kB
HardwareCorrupted:     0 kB
AnonHugePages:    444416 kB
ShmemHugePages:        0 kB
ShmemPmdMapped:        0 kB
FileHugePages:         0 kB
FilePmdMapped:         0 kB
HugePages_Total:       0
HugePages_Free:        0
HugePages_Rsvd:        0
HugePages_Surp:        0
Hugepagesize:       2048 kB
Hugetlb:               0 kB
DirectMap4k:      836220 kB
DirectMap2M:     3203072 kB
DirectMap1G:           0 kB
"
